// Jest Snapshot v1, https://goo.gl/fbAQLP

exports[`Storyshots atoms/Checkbox basic 1`] = `
<fieldset>
  <input
    checked={false}
    id="basic-random"
    name="basic"
    onChange={[Function]}
    type="checkbox"
  />
  <label
    htmlFor="basic-random"
  >
    basic
  </label>
</fieldset>
`;

exports[`Storyshots atoms/Input basic 1`] = `
<input
  type="text"
/>
`;
